Building Windows application...                                 
flutter : Nuget.exe not found, trying to download or use cached version.
En línea: 1 Carácter: 1
+ flutter build windows > build_errors.txt 2>&1
+ ~~~~~~~~~~~~~~~~~~~~~~~~~~~~~~~~~~~~~~~~~~~~~
    + CategoryInfo          : NotSpecified: (Nuget.exe not f...cached version.:String) [], RemoteException
    + FullyQualifiedErrorId : NativeCommandError
 
lib/features/inventory/screens/inventory_screen.dart(121,39): error G3D07BBB7: Too few positional arguments: 1 
required, 0 given. [C:\Users\Escuela Judicial\Documents\Tienda - 
Respaldo\build\windows\x64\flutter\flutter_assemble.vcxproj]
C:\Program Files (x86)\Microsoft Visual 
Studio\18\BuildTools\MSBuild\Microsoft\VC\v180\Microsoft.CppCommon.targets(254,5): error MSB8066: Compilaci├│n 
personalizada de "C:\Users\Escuela Judicial\Documents\Tienda - 
Respaldo\build\windows\x64\CMakeFiles\23d08fc9c7dd3a4fc9c1a297599da9ad\flutter_windows.dll.rule;C:\Users\Escuela 
Judicial\Documents\Tienda - 
Respaldo\build\windows\x64\CMakeFiles\fb483d33f4806e8dca6780af756e961a\flutter_assemble.rule" terminada con el c├│digo 
1. [C:\Users\Escuela Judicial\Documents\Tienda - Respaldo\build\windows\x64\flutter\flutter_assemble.vcxproj]
Building Windows application...                                    20.0s
Build process failed.
